
> vf-tryon@0.1.0 build
> react-scripts build

node.exe : (node:19252) [DEP0176] DeprecationWarning: fs.F_OK is 
deprecated, use fs.constants.F_OK instead
At line:1 char:1
+ & "C:\Program Files\nodejs/node.exe" "C:\Users\Vijeth 
B\AppData\Roami ...
+ ~~~~~~~~~~~~~~~~~~~~~~~~~~~~~~~~~~~~~~~~~~~~~~~~~~~~~~~~~~~~~~~~
~~~~~
    + CategoryInfo          : NotSpecified: ((node:19252) [D...ts 
   .F_OK instead:String) [], RemoteException
    + FullyQualifiedErrorId : NativeCommandError
 
(Use `node --trace-deprecation ...` to show where the warning was 
created)
Creating an optimized production build...
